2997  execve("/usr/bin/ls", ["ls"], 0x7ffccc487db8 /* 50 vars */) = 0
2997  brk(NULL)                         = 0x563491d02000
2997  access("/etc/ld.so.preload", R_OK) = -1 ENOENT (No such file or directory)
2997  openat(AT_FDCWD, "/etc/ld.so.cache", O_RDONLY|O_CLOEXEC) = 3
2997  fstat(3, {st_mode=S_IFREG|0644, st_size=88921, ...}) = 0
2997  mmap(NULL, 88921, PROT_READ, MAP_PRIVATE, 3, 0) = 0x7f8af4d2c000
2997  close(3)                          = 0
2997  openat(AT_FDCWD, "/lib64/libselinux.so.1", O_RDONLY|O_CLOEXEC) = 3
2997  read(3, "\177ELF\2\1\1\0\0\0\0\0\0\0\0\0\3\0>\0\1\0\0\0\240l\0\0\0\0\0\0"..., 832) = 832
2997  fstat(3, {st_mode=S_IFREG|0755, st_size=162520, ...}) = 0
2997  mmap(NULL, 8192, PROT_READ|PROT_WRITE, MAP_PRIVATE|MAP_ANONYMOUS, -1, 0) = 0x7f8af4d2a000
2997  mmap(NULL, 2262512, PROT_READ|PROT_EXEC, MAP_PRIVATE|MAP_DENYWRITE, 3, 0) = 0x7f8af48f5000
2997  mprotect(0x7f8af491a000, 2097152, PROT_NONE) = 0
2997  mmap(0x7f8af4b1a000, 8192, PROT_READ|PROT_WRITE, MAP_PRIVATE|MAP_FIXED|MAP_DENYWRITE, 3, 0x25000) = 0x7f8af4b1a000
2997  mmap(0x7f8af4b1c000, 5616, PROT_READ|PROT_WRITE, MAP_PRIVATE|MAP_FIXED|MAP_ANONYMOUS, -1, 0) = 0x7f8af4b1c000
2997  close(3)                          = 0
2997  openat(AT_FDCWD, "/lib64/libcap.so.2", O_RDONLY|O_CLOEXEC) = 3
2997  read(3, "\177ELF\2\1\1\0\0\0\0\0\0\0\0\0\3\0>\0\1\0\0\0`\25\0\0\0\0\0\0"..., 832) = 832
2997  fstat(3, {st_mode=S_IFREG|0755, st_size=19720, ...}) = 0
2997  mmap(NULL, 2113848, PROT_READ|PROT_EXEC, MAP_PRIVATE|MAP_DENYWRITE, 3, 0) = 0x7f8af46f0000
2997  mprotect(0x7f8af46f4000, 2093056, PROT_NONE) = 0
2997  mmap(0x7f8af48f3000, 8192, PROT_READ|PROT_WRITE, MAP_PRIVATE|MAP_FIXED|MAP_DENYWRITE, 3, 0x3000) = 0x7f8af48f3000
2997  close(3)                          = 0
2997  openat(AT_FDCWD, "/lib64/libc.so.6", O_RDONLY|O_CLOEXEC) = 3
2997  read(3, "\177ELF\2\1\1\3\0\0\0\0\0\0\0\0\3\0>\0\1\0\0\0@\20\2\0\0\0\0\0"..., 832) = 832
2997  fstat(3, {st_mode=S_IFREG|0755, st_size=2066456, ...}) = 0
2997  mmap(NULL, 3889792, PROT_READ|PROT_EXEC, MAP_PRIVATE|MAP_DENYWRITE, 3, 0) = 0x7f8af433a000
2997  mprotect(0x7f8af44e6000, 2097152, PROT_NONE) = 0
2997  mmap(0x7f8af46e6000, 24576, PROT_READ|PROT_WRITE, MAP_PRIVATE|MAP_FIXED|MAP_DENYWRITE, 3, 0x1ac000) = 0x7f8af46e6000
2997  mmap(0x7f8af46ec000, 14976, PROT_READ|PROT_WRITE, MAP_PRIVATE|MAP_FIXED|MAP_ANONYMOUS, -1, 0) = 0x7f8af46ec000
2997  close(3)                          = 0
2997  openat(AT_FDCWD, "/lib64/libpcre2-8.so.0", O_RDONLY|O_CLOEXEC) = 3
2997  read(3, "\177ELF\2\1\1\0\0\0\0\0\0\0\0\0\3\0>\0\1\0\0\0 !\0\0\0\0\0\0"..., 832) = 832
2997  fstat(3, {st_mode=S_IFREG|0755, st_size=542008, ...}) = 0
2997  mmap(NULL, 2634280, PROT_READ|PROT_EXEC, MAP_PRIVATE|MAP_DENYWRITE, 3, 0) = 0x7f8af40b6000
2997  mprotect(0x7f8af4139000, 2093056, PROT_NONE) = 0
2997  mmap(0x7f8af4338000, 8192, PROT_READ|PROT_WRITE, MAP_PRIVATE|MAP_FIXED|MAP_DENYWRITE, 3, 0x82000) = 0x7f8af4338000
2997  close(3)                          = 0
2997  openat(AT_FDCWD, "/lib64/libdl.so.2", O_RDONLY|O_CLOEXEC) = 3
2997  read(3, "\177ELF\2\1\1\0\0\0\0\0\0\0\0\0\3\0>\0\1\0\0\0P\16\0\0\0\0\0\0"..., 832) = 832
2997  fstat(3, {st_mode=S_IFREG|0755, st_size=19264, ...}) = 0
2997  mmap(NULL, 2109680, PROT_READ|PROT_EXEC, MAP_PRIVATE|MAP_DENYWRITE, 3, 0) = 0x7f8af3eb2000
2997  mprotect(0x7f8af3eb5000, 2093056, PROT_NONE) = 0
2997  mmap(0x7f8af40b4000, 8192, PROT_READ|PROT_WRITE, MAP_PRIVATE|MAP_FIXED|MAP_DENYWRITE, 3, 0x2000) = 0x7f8af40b4000
2997  close(3)                          = 0
2997  openat(AT_FDCWD, "/lib64/libpthread.so.0", O_RDONLY|O_CLOEXEC) = 3
2997  read(3, "\177ELF\2\1\1\0\0\0\0\0\0\0\0\0\3\0>\0\1\0\0\0\240a\0\0\0\0\0\0"..., 832) = 832
2997  fstat(3, {st_mode=S_IFREG|0755, st_size=149360, ...}) = 0
2997  mmap(NULL, 2217064, PROT_READ|PROT_EXEC, MAP_PRIVATE|MAP_DENYWRITE, 3, 0) = 0x7f8af3c94000
2997  mprotect(0x7f8af3cad000, 2093056, PROT_NONE) = 0
2997  mmap(0x7f8af3eac000, 8192, PROT_READ|PROT_WRITE, MAP_PRIVATE|MAP_FIXED|MAP_DENYWRITE, 3, 0x18000) = 0x7f8af3eac000
2997  mmap(0x7f8af3eae000, 13416, PROT_READ|PROT_WRITE, MAP_PRIVATE|MAP_FIXED|MAP_ANONYMOUS, -1, 0) = 0x7f8af3eae000
2997  close(3)                          = 0
2997  mmap(NULL, 8192, PROT_READ|PROT_WRITE, MAP_PRIVATE|MAP_ANONYMOUS, -1, 0) = 0x7f8af4d28000
2997  arch_prctl(ARCH_SET_FS, 0x7f8af4d29540) = 0
2997  mprotect(0x7f8af46e6000, 16384, PROT_READ) = 0
2997  mprotect(0x7f8af3eac000, 4096, PROT_READ) = 0
2997  mprotect(0x7f8af40b4000, 4096, PROT_READ) = 0
2997  mprotect(0x7f8af4338000, 4096, PROT_READ) = 0
2997  mprotect(0x7f8af48f3000, 4096, PROT_READ) = 0
2997  mprotect(0x7f8af4b1a000, 4096, PROT_READ) = 0
2997  mprotect(0x56349011c000, 8192, PROT_READ) = 0
2997  mprotect(0x7f8af4d42000, 4096, PROT_READ) = 0
2997  munmap(0x7f8af4d2c000, 88921)     = 0
2997  set_tid_address(0x7f8af4d29810)   = 2997
2997  set_robust_list(0x7f8af4d29820, 24) = 0
2997  rt_sigaction(SIGRTMIN, {sa_handler=0x7f8af3c99c10, sa_mask=[], sa_flags=SA_RESTORER|SA_SIGINFO, sa_restorer=0x7f8af3ca61b0}, NULL, 8) = 0
2997  rt_sigaction(SIGRT_1, {sa_handler=0x7f8af3c99cb0, sa_mask=[], sa_flags=SA_RESTORER|SA_RESTART|SA_SIGINFO, sa_restorer=0x7f8af3ca61b0}, NULL, 8) = 0
2997  rt_sigprocmask(SIG_UNBLOCK, [RTMIN RT_1], NULL, 8) = 0
2997  prlimit64(0, RLIMIT_STACK, NULL, {rlim_cur=8192*1024, rlim_max=RLIM64_INFINITY}) = 0
2997  statfs("/sys/fs/selinux", {f_type=SELINUX_MAGIC, f_bsize=4096, f_blocks=0, f_bfree=0, f_bavail=0, f_files=0, f_ffree=0, f_fsid={val=[0, 0]}, f_namelen=255, f_frsize=4096, f_flags=ST_VALID|ST_RELATIME}) = 0
2997  statfs("/sys/fs/selinux", {f_type=SELINUX_MAGIC, f_bsize=4096, f_blocks=0, f_bfree=0, f_bavail=0, f_files=0, f_ffree=0, f_fsid={val=[0, 0]}, f_namelen=255, f_frsize=4096, f_flags=ST_VALID|ST_RELATIME}) = 0
2997  brk(NULL)                         = 0x563491d02000
2997  brk(0x563491d23000)               = 0x563491d23000
2997  access("/etc/selinux/config", F_OK) = 0
2997  open("/usr/lib/locale/locale-archive", O_RDONLY|O_CLOEXEC) = 3
2997  fstat(3, {st_mode=S_IFREG|0644, st_size=113045344, ...}) = 0
2997  mmap(NULL, 113045344, PROT_READ, MAP_PRIVATE, 3, 0) = 0x7f8aed0c5000
2997  close(3)                          = 0
2997  ioctl(1, TCGETS, {B38400 opost isig icanon echo ...}) = 0
2997  ioctl(1, TIOCGWINSZ, {ws_row=54, ws_col=105, ws_xpixel=0, ws_ypixel=0}) = 0
2997  open(".", O_RDONLY|O_NONBLOCK|O_CLOEXEC|O_DIRECTORY) = 3
2997  fstat(3, {st_mode=S_IFDIR|0775, st_size=4096, ...}) = 0
2997  getdents(3, /* 9 entries */, 32768) = 296
2997  getdents(3, /* 0 entries */, 32768) = 0
2997  close(3)                          = 0
2997  fstat(1, {st_mode=S_IFCHR|0620, st_rdev=makedev(136, 0), ...}) = 0
2997  write(1, "firefox_no_t.out  firefox.out  l"..., 93) = 93
2997  close(1)                          = 0
2997  close(2)                          = 0
2997  exit_group(0)                     = ?
2997  +++ exited with 0 +++
