execve("/usr/bin/ls", ["ls"], 0x7ffd6c1617e0 /* 52 vars */) = 0
brk(NULL)                               = 0x55558eb2e000
access("/etc/ld.so.preload", R_OK)      = -1 ENOENT (No such file or directory)
openat(AT_FDCWD, "/etc/ld.so.cache", O_RDONLY|O_CLOEXEC) = 3
fstat(3, {st_mode=S_IFREG|0644, st_size=89138, ...}) = 0
mmap(NULL, 89138, PROT_READ, MAP_PRIVATE, 3, 0) = 0x7f7d45886000
close(3)                                = 0
openat(AT_FDCWD, "/lib64/libselinux.so.1", O_RDONLY|O_CLOEXEC) = 3
read(3, "\177ELF\2\1\1\0\0\0\0\0\0\0\0\0\3\0>\0\1\0\0\0\240l\0\0\0\0\0\0"..., 832) = 832
fstat(3, {st_mode=S_IFREG|0755, st_size=162520, ...}) = 0
mmap(NULL, 8192, PROT_READ|PROT_WRITE, MAP_PRIVATE|MAP_ANONYMOUS, -1, 0) = 0x7f7d45884000
mmap(NULL, 2262512, PROT_READ|PROT_EXEC, MAP_PRIVATE|MAP_DENYWRITE, 3, 0) = 0x7f7d4544f000
mprotect(0x7f7d45474000, 2097152, PROT_NONE) = 0
mmap(0x7f7d45674000, 8192, PROT_READ|PROT_WRITE, MAP_PRIVATE|MAP_FIXED|MAP_DENYWRITE, 3, 0x25000) = 0x7f7d45674000
mmap(0x7f7d45676000, 5616, PROT_READ|PROT_WRITE, MAP_PRIVATE|MAP_FIXED|MAP_ANONYMOUS, -1, 0) = 0x7f7d45676000
close(3)                                = 0
openat(AT_FDCWD, "/lib64/libcap.so.2", O_RDONLY|O_CLOEXEC) = 3
read(3, "\177ELF\2\1\1\0\0\0\0\0\0\0\0\0\3\0>\0\1\0\0\0`\25\0\0\0\0\0\0"..., 832) = 832
fstat(3, {st_mode=S_IFREG|0755, st_size=19720, ...}) = 0
mmap(NULL, 2113848, PROT_READ|PROT_EXEC, MAP_PRIVATE|MAP_DENYWRITE, 3, 0) = 0x7f7d4524a000
mprotect(0x7f7d4524e000, 2093056, PROT_NONE) = 0
mmap(0x7f7d4544d000, 8192, PROT_READ|PROT_WRITE, MAP_PRIVATE|MAP_FIXED|MAP_DENYWRITE, 3, 0x3000) = 0x7f7d4544d000
close(3)                                = 0
openat(AT_FDCWD, "/lib64/libc.so.6", O_RDONLY|O_CLOEXEC) = 3
read(3, "\177ELF\2\1\1\3\0\0\0\0\0\0\0\0\3\0>\0\1\0\0\0@\20\2\0\0\0\0\0"..., 832) = 832
fstat(3, {st_mode=S_IFREG|0755, st_size=2066456, ...}) = 0
mmap(NULL, 3889792, PROT_READ|PROT_EXEC, MAP_PRIVATE|MAP_DENYWRITE, 3, 0) = 0x7f7d44e94000
mprotect(0x7f7d45040000, 2097152, PROT_NONE) = 0
mmap(0x7f7d45240000, 24576, PROT_READ|PROT_WRITE, MAP_PRIVATE|MAP_FIXED|MAP_DENYWRITE, 3, 0x1ac000) = 0x7f7d45240000
mmap(0x7f7d45246000, 14976, PROT_READ|PROT_WRITE, MAP_PRIVATE|MAP_FIXED|MAP_ANONYMOUS, -1, 0) = 0x7f7d45246000
close(3)                                = 0
openat(AT_FDCWD, "/lib64/libpcre2-8.so.0", O_RDONLY|O_CLOEXEC) = 3
read(3, "\177ELF\2\1\1\0\0\0\0\0\0\0\0\0\3\0>\0\1\0\0\0 !\0\0\0\0\0\0"..., 832) = 832
fstat(3, {st_mode=S_IFREG|0755, st_size=542008, ...}) = 0
mmap(NULL, 2634280, PROT_READ|PROT_EXEC, MAP_PRIVATE|MAP_DENYWRITE, 3, 0) = 0x7f7d44c10000
mprotect(0x7f7d44c93000, 2093056, PROT_NONE) = 0
mmap(0x7f7d44e92000, 8192, PROT_READ|PROT_WRITE, MAP_PRIVATE|MAP_FIXED|MAP_DENYWRITE, 3, 0x82000) = 0x7f7d44e92000
close(3)                                = 0
openat(AT_FDCWD, "/lib64/libdl.so.2", O_RDONLY|O_CLOEXEC) = 3
read(3, "\177ELF\2\1\1\0\0\0\0\0\0\0\0\0\3\0>\0\1\0\0\0P\16\0\0\0\0\0\0"..., 832) = 832
fstat(3, {st_mode=S_IFREG|0755, st_size=19264, ...}) = 0
mmap(NULL, 2109680, PROT_READ|PROT_EXEC, MAP_PRIVATE|MAP_DENYWRITE, 3, 0) = 0x7f7d44a0c000
mprotect(0x7f7d44a0f000, 2093056, PROT_NONE) = 0
mmap(0x7f7d44c0e000, 8192, PROT_READ|PROT_WRITE, MAP_PRIVATE|MAP_FIXED|MAP_DENYWRITE, 3, 0x2000) = 0x7f7d44c0e000
close(3)                                = 0
openat(AT_FDCWD, "/lib64/libpthread.so.0", O_RDONLY|O_CLOEXEC) = 3
read(3, "\177ELF\2\1\1\0\0\0\0\0\0\0\0\0\3\0>\0\1\0\0\0\240a\0\0\0\0\0\0"..., 832) = 832
fstat(3, {st_mode=S_IFREG|0755, st_size=149360, ...}) = 0
mmap(NULL, 2217064, PROT_READ|PROT_EXEC, MAP_PRIVATE|MAP_DENYWRITE, 3, 0) = 0x7f7d447ee000
mprotect(0x7f7d44807000, 2093056, PROT_NONE) = 0
mmap(0x7f7d44a06000, 8192, PROT_READ|PROT_WRITE, MAP_PRIVATE|MAP_FIXED|MAP_DENYWRITE, 3, 0x18000) = 0x7f7d44a06000
mmap(0x7f7d44a08000, 13416, PROT_READ|PROT_WRITE, MAP_PRIVATE|MAP_FIXED|MAP_ANONYMOUS, -1, 0) = 0x7f7d44a08000
close(3)                                = 0
mmap(NULL, 8192, PROT_READ|PROT_WRITE, MAP_PRIVATE|MAP_ANONYMOUS, -1, 0) = 0x7f7d45882000
arch_prctl(ARCH_SET_FS, 0x7f7d45883540) = 0
mprotect(0x7f7d45240000, 16384, PROT_READ) = 0
mprotect(0x7f7d44a06000, 4096, PROT_READ) = 0
mprotect(0x7f7d44c0e000, 4096, PROT_READ) = 0
mprotect(0x7f7d44e92000, 4096, PROT_READ) = 0
mprotect(0x7f7d4544d000, 4096, PROT_READ) = 0
mprotect(0x7f7d45674000, 4096, PROT_READ) = 0
mprotect(0x55558e885000, 8192, PROT_READ) = 0
mprotect(0x7f7d4589c000, 4096, PROT_READ) = 0
munmap(0x7f7d45886000, 89138)           = 0
set_tid_address(0x7f7d45883810)         = 8238
set_robust_list(0x7f7d45883820, 24)     = 0
rt_sigaction(SIGRTMIN, {sa_handler=0x7f7d447f3c10, sa_mask=[], sa_flags=SA_RESTORER|SA_SIGINFO, sa_restorer=0x7f7d448001b0}, NULL, 8) = 0
rt_sigaction(SIGRT_1, {sa_handler=0x7f7d447f3cb0, sa_mask=[], sa_flags=SA_RESTORER|SA_RESTART|SA_SIGINFO, sa_restorer=0x7f7d448001b0}, NULL, 8) = 0
rt_sigprocmask(SIG_UNBLOCK, [RTMIN RT_1], NULL, 8) = 0
prlimit64(0, RLIMIT_STACK, NULL, {rlim_cur=8192*1024, rlim_max=RLIM64_INFINITY}) = 0
statfs("/sys/fs/selinux", {f_type=SELINUX_MAGIC, f_bsize=4096, f_blocks=0, f_bfree=0, f_bavail=0, f_files=0, f_ffree=0, f_fsid={val=[0, 0]}, f_namelen=255, f_frsize=4096, f_flags=ST_VALID|ST_RELATIME}) = 0
statfs("/sys/fs/selinux", {f_type=SELINUX_MAGIC, f_bsize=4096, f_blocks=0, f_bfree=0, f_bavail=0, f_files=0, f_ffree=0, f_fsid={val=[0, 0]}, f_namelen=255, f_frsize=4096, f_flags=ST_VALID|ST_RELATIME}) = 0
brk(NULL)                               = 0x55558eb2e000
brk(0x55558eb4f000)                     = 0x55558eb4f000
access("/etc/selinux/config", F_OK)     = 0
open("/usr/lib/locale/locale-archive", O_RDONLY|O_CLOEXEC) = 3
fstat(3, {st_mode=S_IFREG|0644, st_size=113045344, ...}) = 0
mmap(NULL, 113045344, PROT_READ, MAP_PRIVATE, 3, 0) = 0x7f7d3dc1f000
close(3)                                = 0
ioctl(1, TCGETS, {B38400 opost isig icanon echo ...}) = 0
ioctl(1, TIOCGWINSZ, {ws_row=21, ws_col=173, ws_xpixel=0, ws_ypixel=0}) = 0
open(".", O_RDONLY|O_NONBLOCK|O_CLOEXEC|O_DIRECTORY) = 3
fstat(3, {st_mode=S_IFDIR|0775, st_size=4096, ...}) = 0
getdents(3, /* 11 entries */, 32768)    = 360
getdents(3, /* 0 entries */, 32768)     = 0
close(3)                                = 0
fstat(1, {st_mode=S_IFCHR|0620, st_rdev=makedev(136, 0), ...}) = 0
write(1, "firefox_no_t.out  firefox.out  l"..., 119) = 119
close(1)                                = 0
close(2)                                = 0
exit_group(0)                           = ?
+++ exited with 0 +++
